// Jest Snapshot v1, https://goo.gl/fbAQLP

exports[`UserTeam should render UserTeam component 1`] = `
<DocumentFragment>
  <main
    class="container p-4 my-4 rounded bg-team-form"
  >
    <div
      class="row"
    >
      <div
        class="col"
      >
        <h2
          class="fw-bold"
        >
           Some Name's Team 
        </h2>
        Select a maximum of 3 players of a single team
      </div>
    </div>
    <div
      class="row"
    >
      <div
        class="pe-5 col-sm-8"
      >
        <div
          class="bg-white text-center shadow-below rounded my-3"
        >
          <h5
            class="bg-default py-2 mx-3 rounded-bottom"
          >
            Gameweek 1
          </h5>
          <div
            class="centered-flex"
          >
            Gameweek 1 deadline:
            <div
              class="fw-bold ps-2"
            >
               Friday 20:30 
            </div>
          </div>
          <h2
            class="py-3 centered-flex"
          >
            Players Selected:
            <div
              class="bg-light-danger mx-3 p-2 rounded"
            >
              1 / 11
            </div>
          </h2>
        </div>
        <div
          class="centered-flex py-4"
        >
          <button
            class="fs-2 bg-default py-2 px-5 tab-choice"
            type="button"
          >
            Field
          </button>
          <button
            class="fs-2 bg-default py-2 px-5 tab-choice"
            type="button"
          >
            List
          </button>
        </div>
        <div
          class="position-relative"
        >
          <img
            alt="Team Field Background"
            class="w-100 rounded"
            src="field.png"
          />
          <div
            class="position-absolute p-5 top-0 centered-flex flex-column h-100 overflow-hidden container"
          >
            <div
              class="my-1 row"
            />
            <div
              class="my-1 row"
            />
            <div
              class="my-1 row"
            />
            <div
              class="my-1 row"
            >
              <div
                class="mx-auto col"
              >
                <div
                  class="text-center"
                  style="width: 77px;"
                >
                  <img
                    class=""
                    src="Barcelona.png"
                    style="width: 55px;"
                    title="Barcelona"
                  />
                  <div
                    class="text-truncate bg-default rounded p-1 w-100"
                  >
                    Messi
                  </div>
                </div>
              </div>
            </div>
          </div>
        </div>
      </div>
      <div
        class="ps-1 col"
      >
        <input
          class="form-control my-3 fs-1 p-4"
          placeholder="Search..."
          type="text"
          value=""
        />
        <div
          class="table-responsive mt-0"
        >
          <table
            class="table rounded bg-white"
          >
            <tbody>
              <tr>
                <td
                  class="align-middle"
                >
                  <img
                    class=""
                    src="Barcelona.png"
                    style="width: 60px;"
                    title="Barcelona"
                  />
                </td>
                <td
                  class="align-middle"
                >
                  <div
                    class="fs-4"
                  >
                    Ter Stegen
                  </div>
                  <div
                    class="text-muted"
                  >
                    Barcelona, GK
                  </div>
                </td>
                <td
                  class="align-middle"
                >
                  <div
                    class="text-center"
                  >
                    <svg
                      aria-hidden="true"
                      class="svg-inline--fa fa-circle-plus fa-3x clickable text-primary"
                      data-icon="circle-plus"
                      data-prefix="fas"
                      focusable="false"
                      role="img"
                      viewBox="0 0 512 512"
                      xmlns="http://www.w3.org/2000/svg"
                    >
                      <path
                        d="M256 512c141.4 0 256-114.6 256-256S397.4 0 256 0S0 114.6 0 256S114.6 512 256 512zM232 344V280H168c-13.3 0-24-10.7-24-24s10.7-24 24-24h64V168c0-13.3 10.7-24 24-24s24 10.7 24 24v64h64c13.3 0 24 10.7 24 24s-10.7 24-24 24H280v64c0 13.3-10.7 24-24 24s-24-10.7-24-24z"
                        fill="currentColor"
                      />
                    </svg>
                  </div>
                </td>
              </tr>
            </tbody>
          </table>
        </div>
      </div>
    </div>
  </main>
</DocumentFragment>
`;
