// Jest Snapshot v1, https://goo.gl/fbAQLP

exports[`Player should render Player component 1`] = `
<DocumentFragment>
  <div
    class="text-center"
    style="width: 14px;"
  >
    <img
      class=""
      src="Dortmund.png"
      style="width: 10px;"
      title="Dortmund"
    />
    <div
      class="text-truncate bg-default rounded p-1 w-100"
    >
      Shalom
    </div>
  </div>
</DocumentFragment>
`;
